// Jest Snapshot v1, https://goo.gl/fbAQLP

exports[`Tests on <App /> It must show <App /> 1`] = `
<div>
  <h1 />
  <button
    onClick={[Function]}
  >
    +
  </button>
  <button
    onClick={[Function]}
  >
    -
  </button>
  <button
    onClick={[Function]}
  >
    Reset
  </button>
</div>
`;

exports[`Tests on <App /> It should show <App /> 1`] = `
<div>
  <h1 />
  <button
    onClick={[Function]}
  >
    +
  </button>
  <button
    onClick={[Function]}
  >
    -
  </button>
  <button
    onClick={[Function]}
  >
    Reset
  </button>
</div>
`;
